// Jest Snapshot v1, https://goo.gl/fbAQLP

exports[`matches snapshot 1`] = `
<DocumentFragment>
  <div>
    <div
      style="background-color: blue; width: 3em; height: 3em;"
    />
    <button>
      X
    </button>
  </div>
</DocumentFragment>
`;
